 mine_sweeping

 Timestamp is 5a56d684 (Thu Jan 11 11:14:12 2018)

 Preferred load address is 00400000

 Start         Length     Name                   Class
 0001:00000000 00010000H .textbss                DATA
 0002:00000000 00004edbH .text                   CODE
 0003:00000000 00000104H .CRT$XCA                DATA
 0003:00000104 00000104H .CRT$XCAA               DATA
 0003:00000208 00000104H .CRT$XCZ                DATA
 0003:0000030c 00000104H .CRT$XIA                DATA
 0003:00000410 00000104H .CRT$XIAA               DATA
 0003:00000514 00000104H .CRT$XIC                DATA
 0003:00000618 00000104H .CRT$XIY                DATA
 0003:0000071c 00000104H .CRT$XIZ                DATA
 0003:00000820 00000e20H .rdata                  DATA
 0003:00001640 00000156H .rdata$debug            DATA
 0003:00001798 00000104H .rtc$IAA                DATA
 0003:0000189c 00000109H .rtc$IMZ                DATA
 0003:000019a8 00000104H .rtc$IZZ                DATA
 0003:00001aac 00000104H .rtc$TAA                DATA
 0003:00001bb0 00000109H .rtc$TMZ                DATA
 0003:00001cbc 00000104H .rtc$TZZ                DATA
 0003:00001dc0 000001d5H .xdata$x                DATA
 0003:00001f95 00000000H .edata                  DATA
 0004:00000000 0000013dH .data                   DATA
 0004:00000140 00000464H .bss                    DATA
 0005:00000000 00000028H .idata$2                DATA
 0005:00000028 00000014H .idata$3                DATA
 0005:0000003c 00000184H .idata$4                DATA
 0005:000001c0 00000184H .idata$5                DATA
 0005:00000344 00000587H .idata$6                DATA

  Address         Publics by Value              Rva+Base       Lib:Object

 0000:00000000       __except_list              00000000     <absolute>
 0000:00000000       ___safe_se_handler_count   00000000     <absolute>
 0000:00000000       ___safe_se_handler_table   00000000     <absolute>
 0000:00009876       __ldused                   00009876     <absolute>
 0000:00009876       __fltused                  00009876     <absolute>
 0000:00000000       ___ImageBase               00400000     <linker-defined>
 0001:00000000       __enc$textbss$begin        00401000     <linker-defined>
 0001:00010000       __enc$textbss$end          00411000     <linker-defined>
 0002:00000470       _PutMine                   00411470 f   game.obj
 0002:00000600       _Init_Board                00411600 f   game.obj
 0002:000008e0       _Show_Board                004118e0 f   game.obj
 0002:00000c30       _Check_Legal               00411c30 f   game.obj
 0002:00000cb0       _expand                    00411cb0 f   game.obj
 0002:00001270       _Player_Do                 00412270 f   game.obj
 0002:000014b0       _Check_Win                 004124b0 f   game.obj
 0002:00001570       _main                      00412570 f   index.obj
 0002:00001bfa       _Sleep@4                   00412bfa f   kernel32:KERNEL32.dll
 0002:00001c00       _rand                      00412c00 f   MSVCRTD:MSVCR90D.dll
 0002:00001c06       _pow                       00412c06 f   MSVCRTD:MSVCR90D.dll
 0002:00001c10       __RTC_CheckEsp             00412c10 f   MSVCRTD:_stack_.obj
 0002:00001c40       @_RTC_CheckStackVars@8     00412c40 f   MSVCRTD:_stack_.obj
 0002:00001cc0       @_RTC_AllocaHelper@12      00412cc0 f   MSVCRTD:_stack_.obj
 0002:00001d00       @_RTC_CheckStackVars2@12   00412d00 f   MSVCRTD:_stack_.obj
 0002:00001e10       __ftol2_sse                00412e10 f   MSVCRTD:ftol2.obj
 0002:00001e19       __ftol2_pentium4           00412e19 f   MSVCRTD:ftol2.obj
 0002:00001e2c       __ftol2_sse_excpt          00412e2c f   MSVCRTD:ftol2.obj
 0002:00001e46       __ftol2                    00412e46 f   MSVCRTD:ftol2.obj
 0002:00001ef0       __RTC_InitBase             00412ef0 f   MSVCRTD:_init_.obj
 0002:00001f30       __RTC_Shutdown             00412f30 f   MSVCRTD:_init_.obj
 0002:00001f48       _getchar                   00412f48 f   MSVCRTD:MSVCR90D.dll
 0002:00001f4e       _scanf                     00412f4e f   MSVCRTD:MSVCR90D.dll
 0002:00001f54       _printf                    00412f54 f   MSVCRTD:MSVCR90D.dll
 0002:00001f5a       _strcmp                    00412f5a f   MSVCRTD:MSVCR90D.dll
 0002:00001f60       _srand                     00412f60 f   MSVCRTD:MSVCR90D.dll
 0002:00001f70       @__security_check_cookie@4 00412f70 f   MSVCRTD:secchk.obj
 0002:00001f82       __time64                   00412f82 f   MSVCRTD:MSVCR90D.dll
 0002:000020d0       _mainCRTStartup            004130d0 f   MSVCRTD:crtexe.obj
 0002:000023d0       _NtCurrentTeb              004133d0 f i MSVCRTD:crtexe.obj
 0002:000024c0       _DebuggerKnownHandle       004134c0 f   MSVCRTD:_error_.obj
 0002:000025a0       ?_RTC_Failure@@YAXPAXH@Z   004135a0 f   MSVCRTD:_error_.obj
 0002:00002970       ?_RTC_StackFailure@@YAXPAXPBD@Z 00413970 f   MSVCRTD:_error_.obj
 0002:00002ab0       ?_RTC_AllocaFailure@@YAXPAXPAU_RTC_ALLOCA_NODE@@H@Z 00413ab0 f   MSVCRTD:_error_.obj
 0002:00002cc0       __RTC_UninitUse            00413cc0 f   MSVCRTD:_error_.obj
 0002:00002df0       __get_sse2_info            00413df0 f   MSVCRTD:cpu_disp.obj
 0002:00002f60       ___sse2_available_init     00413f60 f   MSVCRTD:cpu_disp.obj
 0002:00002f80       __RTC_NumErrors            00413f80 f   MSVCRTD:_userapi_.obj
 0002:00002f90       __RTC_GetErrDesc           00413f90 f   MSVCRTD:_userapi_.obj
 0002:00002fb0       __RTC_SetErrorType         00413fb0 f   MSVCRTD:_userapi_.obj
 0002:00002fe0       __RTC_SetErrorFunc         00413fe0 f   MSVCRTD:_userapi_.obj
 0002:00003010       __RTC_SetErrorFuncW        00414010 f   MSVCRTD:_userapi_.obj
 0002:00003040       ?_RTC_GetErrorFunc@@YAP6AHHPBDH00ZZPBX@Z 00414040 f   MSVCRTD:_userapi_.obj
 0002:00003050       ?_RTC_GetErrorFuncW@@YAP6AHHPB_WH00ZZPBX@Z 00414050 f   MSVCRTD:_userapi_.obj
 0002:00003056       __CRT_RTC_INITW            00414056 f   MSVCRTD:MSVCR90D.dll
 0002:00003060       ___report_gsfailure        00414060 f   MSVCRTD:gs_report.obj
 0002:000031c0       ?__CxxUnhandledExceptionFilter@@YGJPAU_EXCEPTION_POINTERS@@@Z 004141c0 f   MSVCRTD:unhandld.obj
 0002:00003240       ___CxxSetUnhandledExceptionFilter 00414240 f   MSVCRTD:unhandld.obj
 0002:0000325a       __configthreadlocale       0041425a f   MSVCRTD:MSVCR90D.dll
 0002:00003260       __setdefaultprecision      00414260 f   MSVCRTD:fp8.obj
 0002:000032b0       __invoke_watson_if_error   004142b0 f i MSVCRTD:fp8.obj
 0002:000032e6       ___setusermatherr          004142e6 f   MSVCRTD:MSVCR90D.dll
 0002:000032f0       __matherr                  004142f0 f   MSVCRTD:merr.obj
 0002:00003300       __setargv                  00414300 f   MSVCRTD:dllargv.obj
 0002:00003310       __RTC_Initialize           00414310 f   MSVCRTD:_initsect_.obj
 0002:00003340       __RTC_Terminate            00414340 f   MSVCRTD:_initsect_.obj
 0002:00003370       ___p__commode              00414370 f   MSVCRTD:MSVCR90D.dll
 0002:00003376       ___p__fmode                00414376 f   MSVCRTD:MSVCR90D.dll
 0002:00003380       __onexit                   00414380 f   MSVCRTD:atonexit.obj
 0002:000034d0       _atexit                    004144d0 f   MSVCRTD:atonexit.obj
 0002:000034f4       __encode_pointer           004144f4 f   MSVCRTD:MSVCR90D.dll
 0002:000034fa       ___set_app_type            004144fa f   MSVCRTD:MSVCR90D.dll
 0002:00003500       __amsg_exit                00414500 f   MSVCRTD:MSVCR90D.dll
 0002:00003506       ___getmainargs             00414506 f   MSVCRTD:MSVCR90D.dll
 0002:00003510       ___security_init_cookie    00414510 f   MSVCRTD:gs_support.obj
 0002:00003622       __exit                     00414622 f   MSVCRTD:MSVCR90D.dll
 0002:00003628       __XcptFilter               00414628 f   MSVCRTD:MSVCR90D.dll
 0002:0000362e       __cexit                    0041462e f   MSVCRTD:MSVCR90D.dll
 0002:00003634       _exit                      00414634 f   MSVCRTD:MSVCR90D.dll
 0002:0000363a       __CrtSetCheckCount         0041463a f   MSVCRTD:MSVCR90D.dll
 0002:00003640       __ValidateImageBase        00414640 f   MSVCRTD:pesect.obj
 0002:000036c0       __FindPESection            004146c0 f   MSVCRTD:pesect.obj
 0002:00003760       __IsNonwritableInCurrentImage 00414760 f   MSVCRTD:pesect.obj
 0002:000038b6       __CrtDbgReportW            004148b6 f   MSVCRTD:MSVCR90D.dll
 0002:000038bc       __initterm                 004148bc f   MSVCRTD:MSVCR90D.dll
 0002:000038c2       __initterm_e               004148c2 f   MSVCRTD:MSVCR90D.dll
 0002:000038d0       __except_handler4          004148d0 f   MSVCRTD:chandler4gs.obj
 0002:00003910       ?_RTC_GetSrcLine@@YAHPAEPA_WKPAH1K@Z 00414910 f   MSVCRTD:_pdblkup_.obj
 0002:00003ecc       __crt_debugger_hook        00414ecc f   MSVCRTD:MSVCR90D.dll
 0002:00003ed2       ?terminate@@YAXXZ          00414ed2 f   MSVCRTD:MSVCR90D.dll
 0002:00003ed8       __controlfp_s              00414ed8 f   MSVCRTD:MSVCR90D.dll
 0002:00003ede       __invoke_watson            00414ede f   MSVCRTD:MSVCR90D.dll
 0002:00003ee4       __unlock                   00414ee4 f   MSVCRTD:MSVCR90D.dll
 0002:00003eea       ___dllonexit               00414eea f   MSVCRTD:MSVCR90D.dll
 0002:00003ef0       __lock                     00414ef0 f   MSVCRTD:MSVCR90D.dll
 0002:00003ef6       __decode_pointer           00414ef6 f   MSVCRTD:MSVCR90D.dll
 0002:00003efc       __except_handler4_common   00414efc f   MSVCRTD:MSVCR90D.dll
 0002:00003f02       _InterlockedExchange@8     00414f02 f   kernel32:KERNEL32.dll
 0002:00003f08       _InterlockedCompareExchange@12 00414f08 f   kernel32:KERNEL32.dll
 0002:00003f0e       _IsDebuggerPresent@0       00414f0e f   kernel32:KERNEL32.dll
 0002:00003f14       _RaiseException@16         00414f14 f   kernel32:KERNEL32.dll
 0002:00003f1a       _DebugBreak@0              00414f1a f   kernel32:KERNEL32.dll
 0002:00003f20       _WideCharToMultiByte@32    00414f20 f   kernel32:KERNEL32.dll
 0002:00003f26       _MultiByteToWideChar@24    00414f26 f   kernel32:KERNEL32.dll
 0002:00003f2c       _lstrlenA@4                00414f2c f   kernel32:KERNEL32.dll
 0002:00003f32       _GetProcAddress@8          00414f32 f   kernel32:KERNEL32.dll
 0002:00003f38       _LoadLibraryA@4            00414f38 f   kernel32:KERNEL32.dll
 0002:00003f3e       _TerminateProcess@8        00414f3e f   kernel32:KERNEL32.dll
 0002:00003f44       _GetCurrentProcess@0       00414f44 f   kernel32:KERNEL32.dll
 0002:00003f4a       _UnhandledExceptionFilter@4 00414f4a f   kernel32:KERNEL32.dll
 0002:00003f50       _SetUnhandledExceptionFilter@4 00414f50 f   kernel32:KERNEL32.dll
 0002:00003f56       _QueryPerformanceCounter@4 00414f56 f   kernel32:KERNEL32.dll
 0002:00003f5c       _GetTickCount@0            00414f5c f   kernel32:KERNEL32.dll
 0002:00003f62       _GetCurrentThreadId@0      00414f62 f   kernel32:KERNEL32.dll
 0002:00003f68       _GetCurrentProcessId@0     00414f68 f   kernel32:KERNEL32.dll
 0002:00003f6e       _GetSystemTimeAsFileTime@4 00414f6e f   kernel32:KERNEL32.dll
 0002:00003f74       _HeapFree@12               00414f74 f   kernel32:KERNEL32.dll
 0002:00003f7a       _HeapAlloc@12              00414f7a f   kernel32:KERNEL32.dll
 0002:00003f80       _GetProcessHeap@0          00414f80 f   kernel32:KERNEL32.dll
 0002:00003f86       _GetModuleFileNameW@12     00414f86 f   kernel32:KERNEL32.dll
 0002:00003f8c       _VirtualQuery@12           00414f8c f   kernel32:KERNEL32.dll
 0002:00003f92       _FreeLibrary@4             00414f92 f   kernel32:KERNEL32.dll
 0003:00000000       ___xc_a                    00416000     MSVCRTD:cinitexe.obj
 0003:00000208       ___xc_z                    00416208     MSVCRTD:cinitexe.obj
 0003:0000030c       ___xi_a                    0041630c     MSVCRTD:cinitexe.obj
 0003:0000071c       ___xi_z                    0041671c     MSVCRTD:cinitexe.obj
 0003:00000840       __real@4000000000000000    00416840     game.obj
 0003:0000084c       ??_C@_09DGDGJJFC@?J?d?H?k?$LE?m?N?s?6?$AA@ 0041684c     game.obj
 0003:00000858       ??_C@_0DK@GAMBGOOA@?J?d?H?k?S?P?N?s?$KD?$KM?G?k?V?X?P?B?Q?$KB?T?q?D?Q?$LG?H?$KD?$KI?5?51?$KD?$LK?H@ 00416858     game.obj
 0003:000008a0       ??_C@_02DPKJAMEF@?$CFd?$AA@ 004168a0     game.obj
 0003:000008a4       ??_C@_0CM@CBNKGGMD@?G?k?Q?$KB?T?q?D?Q?$LG?H?$KD?$KI?5?51?$KD?$LK?H?$NN?R?W?5?52?$KD?$LK?R?$LL?$LA?c?5?5@ 004168a4     game.obj
 0003:000008d8       ??_C@_02PHMGELLB@?6?6?$AA@ 004168d8     game.obj
 0003:000008dc       ??_C@_02KHLKFPFD@?$HM?6?$AA@ 004168dc     game.obj
 0003:000008e0       ??_C@_05LLOFLCDF@?$HM?5?$CFc?5?$AA@ 004168e0     game.obj
 0003:000008e8       ??_C@_03EBJOKFHF@?5?$CFd?$AA@ 004168e8     game.obj
 0003:000008ec       ??_C@_04GHDJKCHA@?5?5?$CFd?$AA@ 004168ec     game.obj
 0003:000008f4       ??_C@_04LKPLNPFJ@?5?9?9?9?$AA@ 004168f4     game.obj
 0003:000008fc       ??_C@_03NDEAONJP@?5?5?5?$AA@ 004168fc     game.obj
 0003:00000900       ??_C@_01EEMJAFIK@?6?$AA@   00416900     game.obj
 0003:00000904       ??_C@_04LFKKDPLE@?5?$CFd?5?$AA@ 00416904     game.obj
 0003:0000090c       ??_C@_05MFOGGMDM@?5?5?$CFd?5?$AA@ 0041690c     game.obj
 0003:00000914       ??_C@_0BF@NPEDNMKL@?J?d?H?k?N?$LL?V?C?$LC?$LL?$LK?O?$LH?$KI?$KD?$KM?T?Y?$LE?N?$AA@ 00416914     game.obj
 0003:00000930       ??_C@_0BC@MGMKIFIL@?$LE?K?N?$LL?V?C?N?$NO?P?$KH?$KD?$KM?5?T?Y?$LE?N?$AA@ 00416930     game.obj
 0003:00000948       ??_C@_04LLKPOCGK@?$CFd?$CFd?$AA@ 00416948     game.obj
 0003:00000950       ??_C@_0M@FFOJCIEH@?Q?$KB?T?q?N?$LL?V?C?$KD?$LK?$DO?$AA@ 00416950     game.obj
 0003:00000960       ??_C@_03CCLAEDDF@Yes?$AA@  00416960     index.obj
 0003:00000964       ??_C@_03ICICOMAL@yes?$AA@  00416964     index.obj
 0003:00000968       ??_C@_03IPHJCBHH@YES?$AA@  00416968     index.obj
 0003:0000096c       ??_C@_01EANLCPLP@y?$AA@    0041696c     index.obj
 0003:00000970       ??_C@_01NFFPALBN@Y?$AA@    00416970     index.obj
 0003:00000974       ??_C@_02HAOIJKIC@?$CFc?$AA@ 00416974     index.obj
 0003:00000978       ??_C@_0BL@LPDGPGMI@?D?c?$LL?$LJ?O?k?T?Y?M?f?R?$LL?$LO?V?B?p?$KD?$LP?$CIY?1N?$CJ?5?5?$DO?$AA@ 00416978     index.obj
 0003:00000998       ??_C@_0FE@GLONFIKK@?$CK?$CK?$CK?$CK?$CK?$CK?$CK?$CK?$CK?$CK?$CK?$CK?$CK?$CK?$CK?$CK?$CK?$CK?$CK?$CK?$CK?$CK?$CK?$CK?$CK?$CK?$CK?$CK?$CK?$CK?$CK?$CK@ 00416998     index.obj
 0003:000009fc       ??_C@_0BH@PBKLNIIG@?$LJ?$KH?O?$LC?D?c?$KD?$KM?E?E?M?j?A?K?K?y?S?P?$MA?W?$CB?6?$AA@ 004169fc     index.obj
 0003:00000a18       ??_C@_0DF@KHNADOKP@?$CK?$CK?$CK?$CK?$CK?$CK?$CK?$CK?$CK?$CK?$CK?$CK?$CK?$CK?$CK?$CK?$CK?$CK?$CK?$CK?$CK?$LJ?$LC?S?P?$CFd?$LP?E?$MA?W?$CK@ 00416a18     index.obj
 0003:00000a58       ??_C@_1GA@EHAKPACL@?$AAf?$AA?3?$AA?2?$AAd?$AAd?$AA?2?$AAv?$AAc?$AAt?$AAo?$AAo?$AAl?$AAs?$AA?2?$AAc?$AAr?$AAt?$AA_?$AAb?$AAl?$AAd?$AA?2?$AAs?$AAe?$AAl?$AAf?$AA_?$AAx?$AA8?$AA6?$AA?2?$AAc@ 00416a58     MSVCRTD:crtexe.obj
 0003:00000ad0       ??_C@_1FA@DALEHHGL@?$AA_?$AA_?$AAn?$AAa?$AAt?$AAi?$AAv?$AAe?$AA_?$AAs?$AAt?$AAa?$AAr?$AAt?$AAu?$AAp?$AA_?$AAs?$AAt?$AAa?$AAt?$AAe?$AA?5?$AA?$DN?$AA?$DN?$AA?5?$AA_?$AA_?$AAi?$AAn?$AAi?$AAt@ 00416ad0     MSVCRTD:crtexe.obj
 0003:00000b30       ??_C@_0BO@GNIAFIKK@Unknown?5Runtime?5Check?5Error?6?$AN?$AA@ 00416b30     MSVCRTD:_error_.obj
 0003:00000b54       ??_C@_0CM@NGINOKPC@Stack?5memory?5around?5_alloca?5was?5@ 00416b54     MSVCRTD:_error_.obj
 0003:00000b88       ??_C@_0DG@HKJMLLLP@A?5local?5variable?5was?5used?5before@ 00416b88     MSVCRTD:_error_.obj
 0003:00000bc8       ??_C@_0BN@FFOINMNJ@Stack?5memory?5was?5corrupted?6?$AN?$AA@ 00416bc8     MSVCRTD:_error_.obj
 0003:00000bf0       ??_C@_0BBN@GPMLNJCF@A?5cast?5to?5a?5smaller?5data?5type?5ha@ 00416bf0     MSVCRTD:_error_.obj
 0003:00000d48       ??_C@_0NN@NGPKDKPD@The?5value?5of?5ESP?5was?5not?5properl@ 00416d48     MSVCRTD:_error_.obj
 0003:00000f10       ??_C@_0CA@IODNCDPG@Run?9Time?5Check?5Failure?5?$CD?$CFd?5?9?5?$CFs?$AA@ 00416f10     MSVCRTD:_error_.obj
 0003:00000f38       ??_C@_0BE@GNBOBNCK@Unknown?5Module?5Name?$AA@ 00416f38     MSVCRTD:_error_.obj
 0003:00000f50       ??_C@_0BB@PFFGGCJP@Unknown?5Filename?$AA@ 00416f50     MSVCRTD:_error_.obj
 0003:00000f68       ??_C@_1EA@NFKNIFJP@?$AAR?$AAu?$AAn?$AA?9?$AAT?$AAi?$AAm?$AAe?$AA?5?$AAC?$AAh?$AAe?$AAc?$AAk?$AA?5?$AAF?$AAa?$AAi?$AAl?$AAu?$AAr?$AAe?$AA?5?$AA?$CD?$AA?$CF?$AAd?$AA?5?$AA?9?$AA?5?$AA?$CF?$AAs?$AA?$AA@ 00416f68     MSVCRTD:_error_.obj
 0003:00000fb8       ??_C@_1GM@OLMCBDMB@?$AAR?$AAu?$AAn?$AAt?$AAi?$AAm?$AAe?$AA?5?$AAC?$AAh?$AAe?$AAc?$AAk?$AA?5?$AAE?$AAr?$AAr?$AAo?$AAr?$AA?4?$AA?6?$AA?$AN?$AA?5?$AAU?$AAn?$AAa?$AAb?$AAl?$AAe?$AA?5?$AAt?$AAo@ 00416fb8     MSVCRTD:_error_.obj
 0003:0000103c       ??_C@_0CG@IAFNJNEE@Stack?5corrupted?5near?5unknown?5var@ 0041703c     MSVCRTD:_error_.obj
 0003:00001070       ??_C@_0EJ@LJKNEOLN@Stack?5area?5around?5_alloca?5memory@ 00417070     MSVCRTD:_error_.obj
 0003:000010c8       ??_C@_08KJEDNCKC@?$CFs?$CFs?$CFs?$CFs?$AA@ 004170c8     MSVCRTD:_error_.obj
 0003:000010d4       ??_C@_02LLMPMKNF@?$DO?5?$AA@ 004170d4     MSVCRTD:_error_.obj
 0003:000010d8       ??_C@_0BC@KIBAILCI@?$CFs?$CFs?$CFp?$CFs?$CFld?$CFs?$CFd?$CFs?$AA@ 004170d8     MSVCRTD:_error_.obj
 0003:000010f0       ??_C@_0EI@CLEPFNGI@Stack?5area?5around?5_alloca?5memory@ 004170f0     MSVCRTD:_error_.obj
 0003:00001148       ??_C@_0N@MHFFIMFG@?6Address?3?50x?$AA@ 00417148     MSVCRTD:_error_.obj
 0003:00001158       ??_C@_07DFDJCKFN@?6Size?3?5?$AA@ 00417158     MSVCRTD:_error_.obj
 0003:00001164       ??_C@_0CK@DKGBICFE@?6Allocation?5number?5within?5this?5f@ 00417164     MSVCRTD:_error_.obj
 0003:00001198       ??_C@_08OMAHNMHJ@?6Data?3?5?$DM?$AA@ 00417198     MSVCRTD:_error_.obj
 0003:000011a4       ??_C@_09FOPFMPEJ@wsprintfA?$AA@ 004171a4     MSVCRTD:_error_.obj
 0003:000011b0       ??_C@_0L@GMPLCCII@user32?4dll?$AA@ 004171b0     MSVCRTD:_error_.obj
 0003:000011c0       ??_C@_05MKKEDADM@?$CF?42X?5?$AA@ 004171c0     MSVCRTD:_error_.obj
 0003:000011c8       ??_C@_0DE@OHJBPMBP@A?5variable?5is?5being?5used?5without@ 004171c8     MSVCRTD:_error_.obj
 0003:00001208       ??_C@_0BP@OGBCLIBO@Stack?5around?5_alloca?5corrupted?$AA@ 00417208     MSVCRTD:_userapi_.obj
 0003:00001230       ??_C@_0CK@CNLNOEPB@Local?5variable?5used?5before?5initi@ 00417230     MSVCRTD:_userapi_.obj
 0003:00001264       ??_C@_0BI@CIGMDCBH@Stack?5memory?5corruption?$AA@ 00417264     MSVCRTD:_userapi_.obj
 0003:00001280       ??_C@_0CK@FEGOIOPB@Cast?5to?5smaller?5type?5causing?5los@ 00417280     MSVCRTD:_userapi_.obj
 0003:000012b4       ??_C@_0BJ@HEGAHDFO@Stack?5pointer?5corruption?$AA@ 004172b4     MSVCRTD:_userapi_.obj
 0003:000012f8       ?ProcessDetach@NativeDll@<CrtImplementationDetails>@@0IB 004172f8     MSVCRTD:unhandld.obj
 0003:000012fc       ?ProcessAttach@NativeDll@<CrtImplementationDetails>@@0IB 004172fc     MSVCRTD:unhandld.obj
 0003:00001300       ?ThreadAttach@NativeDll@<CrtImplementationDetails>@@0IB 00417300     MSVCRTD:unhandld.obj
 0003:00001304       ?ThreadDetach@NativeDll@<CrtImplementationDetails>@@0IB 00417304     MSVCRTD:unhandld.obj
 0003:00001308       ?ProcessVerifier@NativeDll@<CrtImplementationDetails>@@0IB 00417308     MSVCRTD:unhandld.obj
 0003:00001310       ??_C@_1GE@KOCFNGPB@?$AA_?$AAc?$AAo?$AAn?$AAt?$AAr?$AAo?$AAl?$AAf?$AAp?$AA_?$AAs?$AA?$CI?$AA?$CI?$AA?$CI?$AAv?$AAo?$AAi?$AAd?$AA?5?$AA?$CK?$AA?$CJ?$AA0?$AA?$CJ?$AA?0?$AA?5?$AA0?$AAx?$AA0?$AA0?$AA0?$AA1@ 00417310     MSVCRTD:fp8.obj
 0003:00001388       ??_C@_1CK@JMKHCBEI@?$AA_?$AAs?$AAe?$AAt?$AAd?$AAe?$AAf?$AAa?$AAu?$AAl?$AAt?$AAp?$AAr?$AAe?$AAc?$AAi?$AAs?$AAi?$AAo?$AAn?$AA?$AA@ 00417388     MSVCRTD:fp8.obj
 0003:000013c0       ??_C@_1GG@PHGJJHBC@?$AAf?$AA?3?$AA?2?$AAd?$AAd?$AA?2?$AAv?$AAc?$AAt?$AAo?$AAo?$AAl?$AAs?$AA?2?$AAc?$AAr?$AAt?$AA_?$AAb?$AAl?$AAd?$AA?2?$AAs?$AAe?$AAl?$AAf?$AA_?$AAx?$AA8?$AA6?$AA?2?$AAc@ 004173c0     MSVCRTD:fp8.obj
 0003:0000143c       ??_C@_0M@EKFFODEC@MSPDB80?4DLL?$AA@ 0041743c     MSVCRTD:_pdblkup_.obj
 0003:0000144c       ??_C@_01KDCPPGHE@r?$AA@    0041744c     MSVCRTD:_pdblkup_.obj
 0003:00001450       ??_C@_0BB@KCIACLNC@PDBOpenValidate5?$AA@ 00417450     MSVCRTD:_pdblkup_.obj
 0003:00001464       ??_C@_0BF@BMIHBHCA@EnvironmentDirectory?$AA@ 00417464     MSVCRTD:_pdblkup_.obj
 0003:00001480       ??_C@_0CN@JNNIHDGH@SOFTWARE?2Microsoft?2VisualStudio?2@ 00417480     MSVCRTD:_pdblkup_.obj
 0003:000014b8       ??_C@_0M@HLOHPNFA@RegCloseKey?$AA@ 004174b8     MSVCRTD:_pdblkup_.obj
 0003:000014c8       ??_C@_0BB@HHEIPGME@RegQueryValueExA?$AA@ 004174c8     MSVCRTD:_pdblkup_.obj
 0003:000014dc       ??_C@_0O@DCOGKJGG@RegOpenKeyExA?$AA@ 004174dc     MSVCRTD:_pdblkup_.obj
 0003:000014ec       ??_C@_0N@JJPEKNFO@ADVAPI32?4DLL?$AA@ 004174ec     MSVCRTD:_pdblkup_.obj
 0003:00001798       ___rtc_iaa                 00417798     MSVCRTD:_initsect_.obj
 0003:000019a8       ___rtc_izz                 004179a8     MSVCRTD:_initsect_.obj
 0003:00001aac       ___rtc_taa                 00417aac     MSVCRTD:_initsect_.obj
 0003:00001cbc       ___rtc_tzz                 00417cbc     MSVCRTD:_initsect_.obj
 0004:00000000       ___security_cookie         00418000     MSVCRTD:gs_cookie.obj
 0004:00000004       ___security_cookie_complement 00418004     MSVCRTD:gs_cookie.obj
 0004:00000008       ?_RTC_ErrorLevels@@3PAHA   00418008     MSVCRTD:_error_.obj
 0004:00000020       ___globallocalestatus      00418020     MSVCRTD:xthdloc.obj
 0004:00000024       ___defaultmatherr          00418024     MSVCRTD:merr.obj
 0004:00000028       ___native_dllmain_reason   00418028     MSVCRTD:natstart.obj
 0004:0000002c       ___native_vcclrit_reason   0041802c     MSVCRTD:natstart.obj
 0004:0000016c       ?wsprintffp@@3P6AHPADPBDZZA 0041816c     MSVCRTD:_error_.obj
 0004:00000544       __commode                  00418544     MSVCRTD:xncommod.obj
 0004:00000548       __fmode                    00418548     MSVCRTD:xtxtmode.obj
 0004:0000054c       __dowildcard               0041854c     MSVCRTD:wildcard.obj
 0004:00000550       __newmode                  00418550     MSVCRTD:_newmode.obj
 0004:00000560       ___native_startup_state    00418560     <common>
 0004:00000570       ___native_startup_lock     00418570     <common>
 0004:00000574       ___onexitend               00418574     <common>
 0004:00000584       ___onexitbegin             00418584     <common>
 0004:00000588       __adjust_fdiv              00418588     <common>
 0004:00000594       ___sse2_available          00418594     <common>
 0004:000005a0       ___dyn_tls_init_callback   004185a0     <common>
 0005:00000000       __IMPORT_DESCRIPTOR_KERNEL32 00419000     kernel32:KERNEL32.dll
 0005:00000014       __IMPORT_DESCRIPTOR_MSVCR90D 00419014     MSVCRTD:MSVCR90D.dll
 0005:00000028       __NULL_IMPORT_DESCRIPTOR   00419028     kernel32:KERNEL32.dll
 0005:000001c0       __imp__Sleep@4             004191c0     kernel32:KERNEL32.dll
 0005:000001c4       __imp__VirtualQuery@12     004191c4     kernel32:KERNEL32.dll
 0005:000001c8       __imp__GetModuleFileNameW@12 004191c8     kernel32:KERNEL32.dll
 0005:000001cc       __imp__GetProcessHeap@0    004191cc     kernel32:KERNEL32.dll
 0005:000001d0       __imp__HeapAlloc@12        004191d0     kernel32:KERNEL32.dll
 0005:000001d4       __imp__HeapFree@12         004191d4     kernel32:KERNEL32.dll
 0005:000001d8       __imp__GetSystemTimeAsFileTime@4 004191d8     kernel32:KERNEL32.dll
 0005:000001dc       __imp__GetCurrentProcessId@0 004191dc     kernel32:KERNEL32.dll
 0005:000001e0       __imp__GetCurrentThreadId@0 004191e0     kernel32:KERNEL32.dll
 0005:000001e4       __imp__GetTickCount@0      004191e4     kernel32:KERNEL32.dll
 0005:000001e8       __imp__QueryPerformanceCounter@4 004191e8     kernel32:KERNEL32.dll
 0005:000001ec       __imp__SetUnhandledExceptionFilter@4 004191ec     kernel32:KERNEL32.dll
 0005:000001f0       __imp__UnhandledExceptionFilter@4 004191f0     kernel32:KERNEL32.dll
 0005:000001f4       __imp__GetCurrentProcess@0 004191f4     kernel32:KERNEL32.dll
 0005:000001f8       __imp__TerminateProcess@8  004191f8     kernel32:KERNEL32.dll
 0005:000001fc       __imp__LoadLibraryA@4      004191fc     kernel32:KERNEL32.dll
 0005:00000200       __imp__GetProcAddress@8    00419200     kernel32:KERNEL32.dll
 0005:00000204       __imp__lstrlenA@4          00419204     kernel32:KERNEL32.dll
 0005:00000208       __imp__MultiByteToWideChar@24 00419208     kernel32:KERNEL32.dll
 0005:0000020c       __imp__WideCharToMultiByte@32 0041920c     kernel32:KERNEL32.dll
 0005:00000210       __imp__DebugBreak@0        00419210     kernel32:KERNEL32.dll
 0005:00000214       __imp__RaiseException@16   00419214     kernel32:KERNEL32.dll
 0005:00000218       __imp__IsDebuggerPresent@0 00419218     kernel32:KERNEL32.dll
 0005:0000021c       __imp__InterlockedCompareExchange@12 0041921c     kernel32:KERNEL32.dll
 0005:00000220       __imp__InterlockedExchange@8 00419220     kernel32:KERNEL32.dll
 0005:00000224       __imp__FreeLibrary@4       00419224     kernel32:KERNEL32.dll
 0005:00000228       \177KERNEL32_NULL_THUNK_DATA 00419228     kernel32:KERNEL32.dll
 0005:00000268       __imp___initterm           00419268     MSVCRTD:MSVCR90D.dll
 0005:0000026c       __imp___initterm_e         0041926c     MSVCRTD:MSVCR90D.dll
 0005:00000270       __imp___crt_debugger_hook  00419270     MSVCRTD:MSVCR90D.dll
 0005:00000274       __imp_?terminate@@YAXXZ    00419274     MSVCRTD:MSVCR90D.dll
 0005:00000278       __imp___CrtDbgReportW      00419278     MSVCRTD:MSVCR90D.dll
 0005:0000027c       __imp___invoke_watson      0041927c     MSVCRTD:MSVCR90D.dll
 0005:00000280       __imp___unlock             00419280     MSVCRTD:MSVCR90D.dll
 0005:00000284       __imp____dllonexit         00419284     MSVCRTD:MSVCR90D.dll
 0005:00000288       __imp___lock               00419288     MSVCRTD:MSVCR90D.dll
 0005:0000028c       __imp___onexit             0041928c     MSVCRTD:MSVCR90D.dll
 0005:00000290       __imp___decode_pointer     00419290     MSVCRTD:MSVCR90D.dll
 0005:00000294       __imp___except_handler4_common 00419294     MSVCRTD:MSVCR90D.dll
 0005:00000298       __imp___CrtSetCheckCount   00419298     MSVCRTD:MSVCR90D.dll
 0005:0000029c       __imp____initenv           0041929c     MSVCRTD:MSVCR90D.dll
 0005:000002a0       __imp__exit                004192a0     MSVCRTD:MSVCR90D.dll
 0005:000002a4       __imp___cexit              004192a4     MSVCRTD:MSVCR90D.dll
 0005:000002a8       __imp___XcptFilter         004192a8     MSVCRTD:MSVCR90D.dll
 0005:000002ac       __imp___exit               004192ac     MSVCRTD:MSVCR90D.dll
 0005:000002b0       __imp____getmainargs       004192b0     MSVCRTD:MSVCR90D.dll
 0005:000002b4       __imp___amsg_exit          004192b4     MSVCRTD:MSVCR90D.dll
 0005:000002b8       __imp____set_app_type      004192b8     MSVCRTD:MSVCR90D.dll
 0005:000002bc       __imp___encode_pointer     004192bc     MSVCRTD:MSVCR90D.dll
 0005:000002c0       __imp____p__fmode          004192c0     MSVCRTD:MSVCR90D.dll
 0005:000002c4       __imp____p__commode        004192c4     MSVCRTD:MSVCR90D.dll
 0005:000002c8       __imp___adjust_fdiv        004192c8     MSVCRTD:MSVCR90D.dll
 0005:000002cc       __imp____setusermatherr    004192cc     MSVCRTD:MSVCR90D.dll
 0005:000002d0       __imp___configthreadlocale 004192d0     MSVCRTD:MSVCR90D.dll
 0005:000002d4       __imp___CRT_RTC_INITW      004192d4     MSVCRTD:MSVCR90D.dll
 0005:000002d8       __imp___time64             004192d8     MSVCRTD:MSVCR90D.dll
 0005:000002dc       __imp__srand               004192dc     MSVCRTD:MSVCR90D.dll
 0005:000002e0       __imp__strcmp              004192e0     MSVCRTD:MSVCR90D.dll
 0005:000002e4       __imp__printf              004192e4     MSVCRTD:MSVCR90D.dll
 0005:000002e8       __imp__scanf               004192e8     MSVCRTD:MSVCR90D.dll
 0005:000002ec       __imp__getchar             004192ec     MSVCRTD:MSVCR90D.dll
 0005:000002f0       __imp__pow                 004192f0     MSVCRTD:MSVCR90D.dll
 0005:000002f4       __imp__rand                004192f4     MSVCRTD:MSVCR90D.dll
 0005:000002f8       __imp___controlfp_s        004192f8     MSVCRTD:MSVCR90D.dll
 0005:000002fc       \177MSVCR90D_NULL_THUNK_DATA 004192fc     MSVCRTD:MSVCR90D.dll

 entry point at        0002:0000014f

